
> react-example@0.0.0 build
> vite build

[36mvite v6.4.3 [32mbuilding for production...[36m[39m
transforming...
[32m✓[39m 1689 modules transformed.
rendering chunks...
computing gzip size...
[2mdist/[22m[32mmanifest.webmanifest                        [39m[1m[2m  0.57 kB[22m[1m[22m
[2mdist/[22m[32mindex.html                                  [39m[1m[2m  1.58 kB[22m[1m[22m[2m │ gzip:   0.61 kB[22m
[2mdist/[22m[35massets/index-D4llBpzG.css                   [39m[1m[2m 49.02 kB[22m[1m[22m[2m │ gzip:   8.45 kB[22m
[2mdist/[22m[36massets/workbox-window.prod.es5-BBnX5xw4.js  [39m[1m[2m  5.75 kB[22m[1m[22m[2m │ gzip:   2.36 kB[22m
[2mdist/[22m[36massets/index-BSgmv5Oh.js                    [39m[1m[2m352.99 kB[22m[1m[22m[2m │ gzip: 100.44 kB[22m
[32m✓ built in 26.95s[39m

PWA v1.3.0
mode      generateSW
precache  19 entries (457.93 KiB)
files generated
  dist/sw.js
  dist/workbox-18e860bb.js
